// Jest Snapshot v1, https://goo.gl/fbAQLP

exports[`Accordion with springConfig matches snapshot 1`] = `
<div
  className="css-1mo6rv1"
>
  <div
    className="css-dq2y9"
  >
    <div>
      <button
        aria-controls="test-id-panel"
        aria-expanded={false}
        className="css-1h9i0hj"
        id="test-id"
        onClick={[Function]}
      >
        <div
          className="css-1uzlad7"
        >
          <div
            className="css-mx78hg"
          >
            <span
              className="css-9gu8v3"
              style={
                Object {
                  "transform": "rotate(-135deg)",
                }
              }
            >
              <svg
                aria-hidden="true"
                className="css-1mvn3rv"
                height={24}
                viewBox="0 0 24 24"
                width={24}
              >
                <title>
                  Close
                </title>
                <path
                  className="css-1mvn3rv"
                  d="M19 6.41L17.59 5 12 10.59 6.41 5 5 6.41 10.59 12 5 17.59 6.41 19 12 13.41 17.59 19 19 17.59 13.41 12 19 6.41z"
                />
              </svg>
            </span>
          </div>
          <span
            data-test-id="styled-inner-button-wrapper-label"
          >
            Title
          </span>
        </div>
      </button>
    </div>
    <div
      className="css-zlrsjy"
      style={
        Object {
          "height": 0,
        }
      }
    >
      <div
        aria-labelledby="test-id"
        className="css-53qqi3"
        id="test-id-panel"
        role="region"
      >
        content
      </div>
    </div>
  </div>
</div>
`;

exports[`Accordion with title matches snapshot  1`] = `
<div
  className="css-1mo6rv1"
>
  <div
    className="css-dq2y9"
  >
    <div>
      <button
        aria-controls="test-id-panel"
        aria-expanded={false}
        className="css-1h9i0hj"
        id="test-id"
        onClick={[Function]}
      >
        <div
          className="css-1uzlad7"
        >
          <div
            className="css-mx78hg"
          >
            <span
              className="css-9gu8v3"
              style={
                Object {
                  "transform": "rotate(-135deg)",
                }
              }
            >
              <svg
                aria-hidden="true"
                className="css-1mvn3rv"
                height={24}
                viewBox="0 0 24 24"
                width={24}
              >
                <title>
                  Close
                </title>
                <path
                  className="css-1mvn3rv"
                  d="M19 6.41L17.59 5 12 10.59 6.41 5 5 6.41 10.59 12 5 17.59 6.41 19 12 13.41 17.59 19 19 17.59 13.41 12 19 6.41z"
                />
              </svg>
            </span>
          </div>
          <span
            data-test-id="styled-inner-button-wrapper-label"
          >
            Title
          </span>
        </div>
      </button>
    </div>
    <div
      className="css-zlrsjy"
      style={
        Object {
          "height": 0,
        }
      }
    >
      <div
        aria-labelledby="test-id"
        className="css-53qqi3"
        id="test-id-panel"
        role="region"
      >
        content
      </div>
    </div>
  </div>
</div>
`;
