// Jest Snapshot v1, https://goo.gl/fbAQLP

exports[`Typography matches snapshot 1`] = `
<div
  className="css-qmizr8"
>
  <h1
    className="css-1uyacqh"
  >
    Hello World!
  </h1>
  <h2
    className="css-1qroef3"
  >
    Hello World!
  </h2>
  <h3
    className="css-e26qad"
  >
    Hello World!
  </h3>
  <h4
    className="css-10bnnn3"
  >
    Hello World!
  </h4>
  <p
    className="css-9gqsre"
  >
    Hello World!
  </p>
  <p
    className="css-1tl4u9d"
  >
    Hello World!
  </p>
</div>
`;
